Determining if the __GLIBC__ exist failed with the following output:
Change Dir: /home/taiwei/code/myBeijingHell/build-windows/CMakeFiles/CMakeTmp

Run Build Command(s):/usr/bin/gmake -f Makefile cmTC_d9d81/fast && /usr/bin/gmake  -f CMakeFiles/cmTC_d9d81.dir/build.make CMakeFiles/cmTC_d9d81.dir/build
gmake[1]: Entering directory '/home/taiwei/code/myBeijingHell/build-windows/CMakeFiles/CMakeTmp'
Building C object CMakeFiles/cmTC_d9d81.dir/CheckSymbolExists.c.obj
/usr/bin/x86_64-w64-mingw32-gcc    -o CMakeFiles/cmTC_d9d81.dir/CheckSymbolExists.c.obj -c /home/taiwei/code/myBeijingHell/build-windows/CMakeFiles/CMakeTmp/CheckSymbolExists.c
/home/taiwei/code/myBeijingHell/build-windows/CMakeFiles/CMakeTmp/CheckSymbolExists.c: In function ‘main’:
/home/taiwei/code/myBeijingHell/build-windows/CMakeFiles/CMakeTmp/CheckSymbolExists.c:8:19: error: ‘__GLIBC__’ undeclared (first use in this function); did you mean ‘__LINE__’?
    8 |   return ((int*)(&__GLIBC__))[argc];
      |                   ^~~~~~~~~
      |                   __LINE__
/home/taiwei/code/myBeijingHell/build-windows/CMakeFiles/CMakeTmp/CheckSymbolExists.c:8:19: note: each undeclared identifier is reported only once for each function it appears in
gmake[1]: *** [CMakeFiles/cmTC_d9d81.dir/build.make:78: CMakeFiles/cmTC_d9d81.dir/CheckSymbolExists.c.obj] Error 1
gmake[1]: Leaving directory '/home/taiwei/code/myBeijingHell/build-windows/CMakeFiles/CMakeTmp'
gmake: *** [Makefile:127: cmTC_d9d81/fast] Error 2


File /home/taiwei/code/myBeijingHell/build-windows/CMakeFiles/CMakeTmp/CheckSymbolExists.c:
/* */
#include <stdlib.h>

int main(int argc, char** argv)
{
  (void)argv;
#ifndef __GLIBC__
  return ((int*)(&__GLIBC__))[argc];
#else
  (void)argc;
  return 0;
#endif
}
Performing C SOURCE FILE Test HAVE_GCC_PREFERRED_STACK_BOUNDARY failed with the following output:
Change Dir: /home/taiwei/code/myBeijingHell/build-windows/CMakeFiles/CMakeTmp

Run Build Command(s):/usr/bin/gmake -f Makefile cmTC_17477/fast && /usr/bin/gmake  -f CMakeFiles/cmTC_17477.dir/build.make CMakeFiles/cmTC_17477.dir/build
gmake[1]: Entering directory '/home/taiwei/code/myBeijingHell/build-windows/CMakeFiles/CMakeTmp'
Building C object CMakeFiles/cmTC_17477.dir/src.c.obj
/usr/bin/x86_64-w64-mingw32-gcc -DHAVE_GCC_PREFERRED_STACK_BOUNDARY  -idirafter "/home/taiwei/code/myBeijingHell/external/SDL2/src/video/khronos" -mpreferred-stack-boundary=2 -o CMakeFiles/cmTC_17477.dir/src.c.obj -c /home/taiwei/code/myBeijingHell/build-windows/CMakeFiles/CMakeTmp/src.c
cc1: error: ‘-mpreferred-stack-boundary=2’ is not between 3 and 4
gmake[1]: *** [CMakeFiles/cmTC_17477.dir/build.make:78: CMakeFiles/cmTC_17477.dir/src.c.obj] Error 1
gmake[1]: Leaving directory '/home/taiwei/code/myBeijingHell/build-windows/CMakeFiles/CMakeTmp'
gmake: *** [Makefile:127: cmTC_17477/fast] Error 2


Source file was:
int x = 0; int main(int argc, char **argv) { return 0; }
Performing C SOURCE FILE Test HAVE_ALTIVEC_H_HDR failed with the following output:
Change Dir: /home/taiwei/code/myBeijingHell/build-windows/CMakeFiles/CMakeTmp

Run Build Command(s):/usr/bin/gmake -f Makefile cmTC_bc883/fast && /usr/bin/gmake  -f CMakeFiles/cmTC_bc883.dir/build.make CMakeFiles/cmTC_bc883.dir/build
gmake[1]: Entering directory '/home/taiwei/code/myBeijingHell/build-windows/CMakeFiles/CMakeTmp'
Building C object CMakeFiles/cmTC_bc883.dir/src.c.obj
/usr/bin/x86_64-w64-mingw32-gcc -DHAVE_ALTIVEC_H_HDR  -idirafter "/home/taiwei/code/myBeijingHell/external/SDL2/src/video/khronos" -maltivec -o CMakeFiles/cmTC_bc883.dir/src.c.obj -c /home/taiwei/code/myBeijingHell/build-windows/CMakeFiles/CMakeTmp/src.c
x86_64-w64-mingw32-gcc: error: unrecognized command-line option ‘-maltivec’
gmake[1]: *** [CMakeFiles/cmTC_bc883.dir/build.make:78: CMakeFiles/cmTC_bc883.dir/src.c.obj] Error 1
gmake[1]: Leaving directory '/home/taiwei/code/myBeijingHell/build-windows/CMakeFiles/CMakeTmp'
gmake: *** [Makefile:127: cmTC_bc883/fast] Error 2


Source file was:

          #include <altivec.h>
          vector unsigned int vzero() {
              return vec_splat_u32(0);
          }
          int main(int argc, char **argv) { return 0; }
Performing C SOURCE FILE Test HAVE_ALTIVEC failed with the following output:
Change Dir: /home/taiwei/code/myBeijingHell/build-windows/CMakeFiles/CMakeTmp

Run Build Command(s):/usr/bin/gmake -f Makefile cmTC_cb0bd/fast && /usr/bin/gmake  -f CMakeFiles/cmTC_cb0bd.dir/build.make CMakeFiles/cmTC_cb0bd.dir/build
gmake[1]: Entering directory '/home/taiwei/code/myBeijingHell/build-windows/CMakeFiles/CMakeTmp'
Building C object CMakeFiles/cmTC_cb0bd.dir/src.c.obj
/usr/bin/x86_64-w64-mingw32-gcc -DHAVE_ALTIVEC  -idirafter "/home/taiwei/code/myBeijingHell/external/SDL2/src/video/khronos" -maltivec -o CMakeFiles/cmTC_cb0bd.dir/src.c.obj -c /home/taiwei/code/myBeijingHell/build-windows/CMakeFiles/CMakeTmp/src.c
x86_64-w64-mingw32-gcc: error: unrecognized command-line option ‘-maltivec’
gmake[1]: *** [CMakeFiles/cmTC_cb0bd.dir/build.make:78: CMakeFiles/cmTC_cb0bd.dir/src.c.obj] Error 1
gmake[1]: Leaving directory '/home/taiwei/code/myBeijingHell/build-windows/CMakeFiles/CMakeTmp'
gmake: *** [Makefile:127: cmTC_cb0bd/fast] Error 2


Source file was:

          vector unsigned int vzero() {
              return vec_splat_u32(0);
          }
          int main(int argc, char **argv) { return 0; }
Determining if the include file iconv.h exists failed with the following output:
Change Dir: /home/taiwei/code/myBeijingHell/build-windows/CMakeFiles/CMakeTmp

Run Build Command(s):/usr/bin/gmake -f Makefile cmTC_f54d1/fast && /usr/bin/gmake  -f CMakeFiles/cmTC_f54d1.dir/build.make CMakeFiles/cmTC_f54d1.dir/build
gmake[1]: Entering directory '/home/taiwei/code/myBeijingHell/build-windows/CMakeFiles/CMakeTmp'
Building C object CMakeFiles/cmTC_f54d1.dir/CheckIncludeFile.c.obj
/usr/bin/x86_64-w64-mingw32-gcc   -idirafter "/home/taiwei/code/myBeijingHell/external/SDL2/src/video/khronos"  -D_GNU_SOURCE=1 -o CMakeFiles/cmTC_f54d1.dir/CheckIncludeFile.c.obj -c /home/taiwei/code/myBeijingHell/build-windows/CMakeFiles/CMakeTmp/CheckIncludeFile.c
/home/taiwei/code/myBeijingHell/build-windows/CMakeFiles/CMakeTmp/CheckIncludeFile.c:1:10: fatal error: iconv.h: No such file or directory
    1 | #include <iconv.h>
      |          ^~~~~~~~~
compilation terminated.
gmake[1]: *** [CMakeFiles/cmTC_f54d1.dir/build.make:78: CMakeFiles/cmTC_f54d1.dir/CheckIncludeFile.c.obj] Error 1
gmake[1]: Leaving directory '/home/taiwei/code/myBeijingHell/build-windows/CMakeFiles/CMakeTmp'
gmake: *** [Makefile:127: cmTC_f54d1/fast] Error 2



Determining if the include file libunwind.h exists failed with the following output:
Change Dir: /home/taiwei/code/myBeijingHell/build-windows/CMakeFiles/CMakeTmp

Run Build Command(s):/usr/bin/gmake -f Makefile cmTC_a54a6/fast && /usr/bin/gmake  -f CMakeFiles/cmTC_a54a6.dir/build.make CMakeFiles/cmTC_a54a6.dir/build
gmake[1]: Entering directory '/home/taiwei/code/myBeijingHell/build-windows/CMakeFiles/CMakeTmp'
Building C object CMakeFiles/cmTC_a54a6.dir/CheckIncludeFile.c.obj
/usr/bin/x86_64-w64-mingw32-gcc   -idirafter "/home/taiwei/code/myBeijingHell/external/SDL2/src/video/khronos"  -D_GNU_SOURCE=1 -o CMakeFiles/cmTC_a54a6.dir/CheckIncludeFile.c.obj -c /home/taiwei/code/myBeijingHell/build-windows/CMakeFiles/CMakeTmp/CheckIncludeFile.c
/home/taiwei/code/myBeijingHell/build-windows/CMakeFiles/CMakeTmp/CheckIncludeFile.c:1:10: fatal error: libunwind.h: No such file or directory
    1 | #include <libunwind.h>
      |          ^~~~~~~~~~~~~
compilation terminated.
gmake[1]: *** [CMakeFiles/cmTC_a54a6.dir/build.make:78: CMakeFiles/cmTC_a54a6.dir/CheckIncludeFile.c.obj] Error 1
gmake[1]: Leaving directory '/home/taiwei/code/myBeijingHell/build-windows/CMakeFiles/CMakeTmp'
gmake: *** [Makefile:127: cmTC_a54a6/fast] Error 2



Determining if the include file linux/input.h exists failed with the following output:
Change Dir: /home/taiwei/code/myBeijingHell/build-windows/CMakeFiles/CMakeTmp

Run Build Command(s):/usr/bin/gmake -f Makefile cmTC_938da/fast && /usr/bin/gmake  -f CMakeFiles/cmTC_938da.dir/build.make CMakeFiles/cmTC_938da.dir/build
gmake[1]: Entering directory '/home/taiwei/code/myBeijingHell/build-windows/CMakeFiles/CMakeTmp'
Building C object CMakeFiles/cmTC_938da.dir/CheckIncludeFile.c.obj
/usr/bin/x86_64-w64-mingw32-gcc   -idirafter "/home/taiwei/code/myBeijingHell/external/SDL2/src/video/khronos"  -D_GNU_SOURCE=1 -o CMakeFiles/cmTC_938da.dir/CheckIncludeFile.c.obj -c /home/taiwei/code/myBeijingHell/build-windows/CMakeFiles/CMakeTmp/CheckIncludeFile.c
/home/taiwei/code/myBeijingHell/build-windows/CMakeFiles/CMakeTmp/CheckIncludeFile.c:1:10: fatal error: linux/input.h: No such file or directory
    1 | #include <linux/input.h>
      |          ^~~~~~~~~~~~~~~
compilation terminated.
gmake[1]: *** [CMakeFiles/cmTC_938da.dir/build.make:78: CMakeFiles/cmTC_938da.dir/CheckIncludeFile.c.obj] Error 1
gmake[1]: Leaving directory '/home/taiwei/code/myBeijingHell/build-windows/CMakeFiles/CMakeTmp'
gmake: *** [Makefile:127: cmTC_938da/fast] Error 2



Performing C SOURCE FILE Test HAVE_MPROTECT failed with the following output:
Change Dir: /home/taiwei/code/myBeijingHell/build-windows/CMakeFiles/CMakeTmp

Run Build Command(s):/usr/bin/gmake -f Makefile cmTC_90eab/fast && /usr/bin/gmake  -f CMakeFiles/cmTC_90eab.dir/build.make CMakeFiles/cmTC_90eab.dir/build
gmake[1]: Entering directory '/home/taiwei/code/myBeijingHell/build-windows/CMakeFiles/CMakeTmp'
Building C object CMakeFiles/cmTC_90eab.dir/src.c.obj
/usr/bin/x86_64-w64-mingw32-gcc -DHAVE_MPROTECT  -idirafter "/home/taiwei/code/myBeijingHell/external/SDL2/src/video/khronos"  -D_GNU_SOURCE=1 -o CMakeFiles/cmTC_90eab.dir/src.c.obj -c /home/taiwei/code/myBeijingHell/build-windows/CMakeFiles/CMakeTmp/src.c
/home/taiwei/code/myBeijingHell/build-windows/CMakeFiles/CMakeTmp/src.c:2:39: fatal error: sys/mman.h: No such file or directory
    2 |                              #include <sys/mman.h>
      |                                       ^~~~~~~~~~~~
compilation terminated.
gmake[1]: *** [CMakeFiles/cmTC_90eab.dir/build.make:78: CMakeFiles/cmTC_90eab.dir/src.c.obj] Error 1
gmake[1]: Leaving directory '/home/taiwei/code/myBeijingHell/build-windows/CMakeFiles/CMakeTmp'
gmake: *** [Makefile:127: cmTC_90eab/fast] Error 2


Source file was:
#include <sys/types.h>
                             #include <sys/mman.h>
                             int main(void) { return 0; }
Determining if the setenv exist failed with the following output:
Change Dir: /home/taiwei/code/myBeijingHell/build-windows/CMakeFiles/CMakeTmp

Run Build Command(s):/usr/bin/gmake -f Makefile cmTC_f13f4/fast && /usr/bin/gmake  -f CMakeFiles/cmTC_f13f4.dir/build.make CMakeFiles/cmTC_f13f4.dir/build
gmake[1]: Entering directory '/home/taiwei/code/myBeijingHell/build-windows/CMakeFiles/CMakeTmp'
Building C object CMakeFiles/cmTC_f13f4.dir/CheckSymbolExists.c.obj
/usr/bin/x86_64-w64-mingw32-gcc   -idirafter "/home/taiwei/code/myBeijingHell/external/SDL2/src/video/khronos"  -D_GNU_SOURCE=1 -o CMakeFiles/cmTC_f13f4.dir/CheckSymbolExists.c.obj -c /home/taiwei/code/myBeijingHell/build-windows/CMakeFiles/CMakeTmp/CheckSymbolExists.c
/home/taiwei/code/myBeijingHell/build-windows/CMakeFiles/CMakeTmp/CheckSymbolExists.c: In function ‘main’:
/home/taiwei/code/myBeijingHell/build-windows/CMakeFiles/CMakeTmp/CheckSymbolExists.c:14:19: error: ‘setenv’ undeclared (first use in this function); did you mean ‘getenv’?
   14 |   return ((int*)(&setenv))[argc];
      |                   ^~~~~~
      |                   getenv
/home/taiwei/code/myBeijingHell/build-windows/CMakeFiles/CMakeTmp/CheckSymbolExists.c:14:19: note: each undeclared identifier is reported only once for each function it appears in
gmake[1]: *** [CMakeFiles/cmTC_f13f4.dir/build.make:78: CMakeFiles/cmTC_f13f4.dir/CheckSymbolExists.c.obj] Error 1
gmake[1]: Leaving directory '/home/taiwei/code/myBeijingHell/build-windows/CMakeFiles/CMakeTmp'
gmake: *** [Makefile:127: cmTC_f13f4/fast] Error 2


File /home/taiwei/code/myBeijingHell/build-windows/CMakeFiles/CMakeTmp/CheckSymbolExists.c:
/* */
#include <stddef.h>
#include <stdarg.h>
#include <stdlib.h>
#include <string.h>
#include <stdio.h>
#include <wchar.h>
#include <float.h>

int main(int argc, char** argv)
{
  (void)argv;
#ifndef setenv
  return ((int*)(&setenv))[argc];
#else
  (void)argc;
  return 0;
#endif
}
Determining if the unsetenv exist failed with the following output:
Change Dir: /home/taiwei/code/myBeijingHell/build-windows/CMakeFiles/CMakeTmp

Run Build Command(s):/usr/bin/gmake -f Makefile cmTC_3f603/fast && /usr/bin/gmake  -f CMakeFiles/cmTC_3f603.dir/build.make CMakeFiles/cmTC_3f603.dir/build
gmake[1]: Entering directory '/home/taiwei/code/myBeijingHell/build-windows/CMakeFiles/CMakeTmp'
Building C object CMakeFiles/cmTC_3f603.dir/CheckSymbolExists.c.obj
/usr/bin/x86_64-w64-mingw32-gcc   -idirafter "/home/taiwei/code/myBeijingHell/external/SDL2/src/video/khronos"  -D_GNU_SOURCE=1 -o CMakeFiles/cmTC_3f603.dir/CheckSymbolExists.c.obj -c /home/taiwei/code/myBeijingHell/build-windows/CMakeFiles/CMakeTmp/CheckSymbolExists.c
/home/taiwei/code/myBeijingHell/build-windows/CMakeFiles/CMakeTmp/CheckSymbolExists.c: In function ‘main’:
/home/taiwei/code/myBeijingHell/build-windows/CMakeFiles/CMakeTmp/CheckSymbolExists.c:14:19: error: ‘unsetenv’ undeclared (first use in this function)
   14 |   return ((int*)(&unsetenv))[argc];
      |                   ^~~~~~~~
/home/taiwei/code/myBeijingHell/build-windows/CMakeFiles/CMakeTmp/CheckSymbolExists.c:14:19: note: each undeclared identifier is reported only once for each function it appears in
gmake[1]: *** [CMakeFiles/cmTC_3f603.dir/build.make:78: CMakeFiles/cmTC_3f603.dir/CheckSymbolExists.c.obj] Error 1
gmake[1]: Leaving directory '/home/taiwei/code/myBeijingHell/build-windows/CMakeFiles/CMakeTmp'
gmake: *** [Makefile:127: cmTC_3f603/fast] Error 2


File /home/taiwei/code/myBeijingHell/build-windows/CMakeFiles/CMakeTmp/CheckSymbolExists.c:
/* */
#include <stddef.h>
#include <stdarg.h>
#include <stdlib.h>
#include <string.h>
#include <stdio.h>
#include <wchar.h>
#include <float.h>

int main(int argc, char** argv)
{
  (void)argv;
#ifndef unsetenv
  return ((int*)(&unsetenv))[argc];
#else
  (void)argc;
  return 0;
#endif
}
Determining if the bcopy exist failed with the following output:
Change Dir: /home/taiwei/code/myBeijingHell/build-windows/CMakeFiles/CMakeTmp

Run Build Command(s):/usr/bin/gmake -f Makefile cmTC_4ddde/fast && /usr/bin/gmake  -f CMakeFiles/cmTC_4ddde.dir/build.make CMakeFiles/cmTC_4ddde.dir/build
gmake[1]: Entering directory '/home/taiwei/code/myBeijingHell/build-windows/CMakeFiles/CMakeTmp'
Building C object CMakeFiles/cmTC_4ddde.dir/CheckSymbolExists.c.obj
/usr/bin/x86_64-w64-mingw32-gcc   -idirafter "/home/taiwei/code/myBeijingHell/external/SDL2/src/video/khronos"  -D_GNU_SOURCE=1 -o CMakeFiles/cmTC_4ddde.dir/CheckSymbolExists.c.obj -c /home/taiwei/code/myBeijingHell/build-windows/CMakeFiles/CMakeTmp/CheckSymbolExists.c
/home/taiwei/code/myBeijingHell/build-windows/CMakeFiles/CMakeTmp/CheckSymbolExists.c: In function ‘main’:
/home/taiwei/code/myBeijingHell/build-windows/CMakeFiles/CMakeTmp/CheckSymbolExists.c:14:19: error: ‘bcopy’ undeclared (first use in this function)
   14 |   return ((int*)(&bcopy))[argc];
      |                   ^~~~~
/home/taiwei/code/myBeijingHell/build-windows/CMakeFiles/CMakeTmp/CheckSymbolExists.c:14:19: note: each undeclared identifier is reported only once for each function it appears in
gmake[1]: *** [CMakeFiles/cmTC_4ddde.dir/build.make:78: CMakeFiles/cmTC_4ddde.dir/CheckSymbolExists.c.obj] Error 1
gmake[1]: Leaving directory '/home/taiwei/code/myBeijingHell/build-windows/CMakeFiles/CMakeTmp'
gmake: *** [Makefile:127: cmTC_4ddde/fast] Error 2


File /home/taiwei/code/myBeijingHell/build-windows/CMakeFiles/CMakeTmp/CheckSymbolExists.c:
/* */
#include <stddef.h>
#include <stdarg.h>
#include <stdlib.h>
#include <string.h>
#include <stdio.h>
#include <wchar.h>
#include <float.h>

int main(int argc, char** argv)
{
  (void)argv;
#ifndef bcopy
  return ((int*)(&bcopy))[argc];
#else
  (void)argc;
  return 0;
#endif
}
Determining if the strlcpy exist failed with the following output:
Change Dir: /home/taiwei/code/myBeijingHell/build-windows/CMakeFiles/CMakeTmp

Run Build Command(s):/usr/bin/gmake -f Makefile cmTC_a35d6/fast && /usr/bin/gmake  -f CMakeFiles/cmTC_a35d6.dir/build.make CMakeFiles/cmTC_a35d6.dir/build
gmake[1]: Entering directory '/home/taiwei/code/myBeijingHell/build-windows/CMakeFiles/CMakeTmp'
Building C object CMakeFiles/cmTC_a35d6.dir/CheckSymbolExists.c.obj
/usr/bin/x86_64-w64-mingw32-gcc   -idirafter "/home/taiwei/code/myBeijingHell/external/SDL2/src/video/khronos"  -D_GNU_SOURCE=1 -o CMakeFiles/cmTC_a35d6.dir/CheckSymbolExists.c.obj -c /home/taiwei/code/myBeijingHell/build-windows/CMakeFiles/CMakeTmp/CheckSymbolExists.c
/home/taiwei/code/myBeijingHell/build-windows/CMakeFiles/CMakeTmp/CheckSymbolExists.c: In function ‘main’:
/home/taiwei/code/myBeijingHell/build-windows/CMakeFiles/CMakeTmp/CheckSymbolExists.c:14:19: error: ‘strlcpy’ undeclared (first use in this function); did you mean ‘strncpy’?
   14 |   return ((int*)(&strlcpy))[argc];
      |                   ^~~~~~~
      |                   strncpy
/home/taiwei/code/myBeijingHell/build-windows/CMakeFiles/CMakeTmp/CheckSymbolExists.c:14:19: note: each undeclared identifier is reported only once for each function it appears in
gmake[1]: *** [CMakeFiles/cmTC_a35d6.dir/build.make:78: CMakeFiles/cmTC_a35d6.dir/CheckSymbolExists.c.obj] Error 1
gmake[1]: Leaving directory '/home/taiwei/code/myBeijingHell/build-windows/CMakeFiles/CMakeTmp'
gmake: *** [Makefile:127: cmTC_a35d6/fast] Error 2


File /home/taiwei/code/myBeijingHell/build-windows/CMakeFiles/CMakeTmp/CheckSymbolExists.c:
/* */
#include <stddef.h>
#include <stdarg.h>
#include <stdlib.h>
#include <string.h>
#include <stdio.h>
#include <wchar.h>
#include <float.h>

int main(int argc, char** argv)
{
  (void)argv;
#ifndef strlcpy
  return ((int*)(&strlcpy))[argc];
#else
  (void)argc;
  return 0;
#endif
}
Determining if the strlcat exist failed with the following output:
Change Dir: /home/taiwei/code/myBeijingHell/build-windows/CMakeFiles/CMakeTmp

Run Build Command(s):/usr/bin/gmake -f Makefile cmTC_8bdfb/fast && /usr/bin/gmake  -f CMakeFiles/cmTC_8bdfb.dir/build.make CMakeFiles/cmTC_8bdfb.dir/build
gmake[1]: Entering directory '/home/taiwei/code/myBeijingHell/build-windows/CMakeFiles/CMakeTmp'
Building C object CMakeFiles/cmTC_8bdfb.dir/CheckSymbolExists.c.obj
/usr/bin/x86_64-w64-mingw32-gcc   -idirafter "/home/taiwei/code/myBeijingHell/external/SDL2/src/video/khronos"  -D_GNU_SOURCE=1 -o CMakeFiles/cmTC_8bdfb.dir/CheckSymbolExists.c.obj -c /home/taiwei/code/myBeijingHell/build-windows/CMakeFiles/CMakeTmp/CheckSymbolExists.c
/home/taiwei/code/myBeijingHell/build-windows/CMakeFiles/CMakeTmp/CheckSymbolExists.c: In function ‘main’:
/home/taiwei/code/myBeijingHell/build-windows/CMakeFiles/CMakeTmp/CheckSymbolExists.c:14:19: error: ‘strlcat’ undeclared (first use in this function); did you mean ‘strncat’?
   14 |   return ((int*)(&strlcat))[argc];
      |                   ^~~~~~~
      |                   strncat
/home/taiwei/code/myBeijingHell/build-windows/CMakeFiles/CMakeTmp/CheckSymbolExists.c:14:19: note: each undeclared identifier is reported only once for each function it appears in
gmake[1]: *** [CMakeFiles/cmTC_8bdfb.dir/build.make:78: CMakeFiles/cmTC_8bdfb.dir/CheckSymbolExists.c.obj] Error 1
gmake[1]: Leaving directory '/home/taiwei/code/myBeijingHell/build-windows/CMakeFiles/CMakeTmp'
gmake: *** [Makefile:127: cmTC_8bdfb/fast] Error 2


File /home/taiwei/code/myBeijingHell/build-windows/CMakeFiles/CMakeTmp/CheckSymbolExists.c:
/* */
#include <stddef.h>
#include <stdarg.h>
#include <stdlib.h>
#include <string.h>
#include <stdio.h>
#include <wchar.h>
#include <float.h>

int main(int argc, char** argv)
{
  (void)argv;
#ifndef strlcat
  return ((int*)(&strlcat))[argc];
#else
  (void)argc;
  return 0;
#endif
}
Determining if the index exist failed with the following output:
Change Dir: /home/taiwei/code/myBeijingHell/build-windows/CMakeFiles/CMakeTmp

Run Build Command(s):/usr/bin/gmake -f Makefile cmTC_b60ad/fast && /usr/bin/gmake  -f CMakeFiles/cmTC_b60ad.dir/build.make CMakeFiles/cmTC_b60ad.dir/build
gmake[1]: Entering directory '/home/taiwei/code/myBeijingHell/build-windows/CMakeFiles/CMakeTmp'
Building C object CMakeFiles/cmTC_b60ad.dir/CheckSymbolExists.c.obj
/usr/bin/x86_64-w64-mingw32-gcc   -idirafter "/home/taiwei/code/myBeijingHell/external/SDL2/src/video/khronos"  -D_GNU_SOURCE=1 -o CMakeFiles/cmTC_b60ad.dir/CheckSymbolExists.c.obj -c /home/taiwei/code/myBeijingHell/build-windows/CMakeFiles/CMakeTmp/CheckSymbolExists.c
/home/taiwei/code/myBeijingHell/build-windows/CMakeFiles/CMakeTmp/CheckSymbolExists.c: In function ‘main’:
/home/taiwei/code/myBeijingHell/build-windows/CMakeFiles/CMakeTmp/CheckSymbolExists.c:14:19: error: ‘index’ undeclared (first use in this function)
   14 |   return ((int*)(&index))[argc];
      |                   ^~~~~
/home/taiwei/code/myBeijingHell/build-windows/CMakeFiles/CMakeTmp/CheckSymbolExists.c:14:19: note: each undeclared identifier is reported only once for each function it appears in
gmake[1]: *** [CMakeFiles/cmTC_b60ad.dir/build.make:78: CMakeFiles/cmTC_b60ad.dir/CheckSymbolExists.c.obj] Error 1
gmake[1]: Leaving directory '/home/taiwei/code/myBeijingHell/build-windows/CMakeFiles/CMakeTmp'
gmake: *** [Makefile:127: cmTC_b60ad/fast] Error 2


File /home/taiwei/code/myBeijingHell/build-windows/CMakeFiles/CMakeTmp/CheckSymbolExists.c:
/* */
#include <stddef.h>
#include <stdarg.h>
#include <stdlib.h>
#include <string.h>
#include <stdio.h>
#include <wchar.h>
#include <float.h>

int main(int argc, char** argv)
{
  (void)argv;
#ifndef index
  return ((int*)(&index))[argc];
#else
  (void)argc;
  return 0;
#endif
}
Determining if the rindex exist failed with the following output:
Change Dir: /home/taiwei/code/myBeijingHell/build-windows/CMakeFiles/CMakeTmp

Run Build Command(s):/usr/bin/gmake -f Makefile cmTC_2c9b1/fast && /usr/bin/gmake  -f CMakeFiles/cmTC_2c9b1.dir/build.make CMakeFiles/cmTC_2c9b1.dir/build
gmake[1]: Entering directory '/home/taiwei/code/myBeijingHell/build-windows/CMakeFiles/CMakeTmp'
Building C object CMakeFiles/cmTC_2c9b1.dir/CheckSymbolExists.c.obj
/usr/bin/x86_64-w64-mingw32-gcc   -idirafter "/home/taiwei/code/myBeijingHell/external/SDL2/src/video/khronos"  -D_GNU_SOURCE=1 -o CMakeFiles/cmTC_2c9b1.dir/CheckSymbolExists.c.obj -c /home/taiwei/code/myBeijingHell/build-windows/CMakeFiles/CMakeTmp/CheckSymbolExists.c
/home/taiwei/code/myBeijingHell/build-windows/CMakeFiles/CMakeTmp/CheckSymbolExists.c: In function ‘main’:
/home/taiwei/code/myBeijingHell/build-windows/CMakeFiles/CMakeTmp/CheckSymbolExists.c:14:19: error: ‘rindex’ undeclared (first use in this function)
   14 |   return ((int*)(&rindex))[argc];
      |                   ^~~~~~
/home/taiwei/code/myBeijingHell/build-windows/CMakeFiles/CMakeTmp/CheckSymbolExists.c:14:19: note: each undeclared identifier is reported only once for each function it appears in
gmake[1]: *** [CMakeFiles/cmTC_2c9b1.dir/build.make:78: CMakeFiles/cmTC_2c9b1.dir/CheckSymbolExists.c.obj] Error 1
gmake[1]: Leaving directory '/home/taiwei/code/myBeijingHell/build-windows/CMakeFiles/CMakeTmp'
gmake: *** [Makefile:127: cmTC_2c9b1/fast] Error 2


File /home/taiwei/code/myBeijingHell/build-windows/CMakeFiles/CMakeTmp/CheckSymbolExists.c:
/* */
#include <stddef.h>
#include <stdarg.h>
#include <stdlib.h>
#include <string.h>
#include <stdio.h>
#include <wchar.h>
#include <float.h>

int main(int argc, char** argv)
{
  (void)argv;
#ifndef rindex
  return ((int*)(&rindex))[argc];
#else
  (void)argc;
  return 0;
#endif
}
Determining if the _uitoa exist failed with the following output:
Change Dir: /home/taiwei/code/myBeijingHell/build-windows/CMakeFiles/CMakeTmp

Run Build Command(s):/usr/bin/gmake -f Makefile cmTC_e29a0/fast && /usr/bin/gmake  -f CMakeFiles/cmTC_e29a0.dir/build.make CMakeFiles/cmTC_e29a0.dir/build
gmake[1]: Entering directory '/home/taiwei/code/myBeijingHell/build-windows/CMakeFiles/CMakeTmp'
Building C object CMakeFiles/cmTC_e29a0.dir/CheckSymbolExists.c.obj
/usr/bin/x86_64-w64-mingw32-gcc   -idirafter "/home/taiwei/code/myBeijingHell/external/SDL2/src/video/khronos"  -D_GNU_SOURCE=1 -o CMakeFiles/cmTC_e29a0.dir/CheckSymbolExists.c.obj -c /home/taiwei/code/myBeijingHell/build-windows/CMakeFiles/CMakeTmp/CheckSymbolExists.c
/home/taiwei/code/myBeijingHell/build-windows/CMakeFiles/CMakeTmp/CheckSymbolExists.c: In function ‘main’:
/home/taiwei/code/myBeijingHell/build-windows/CMakeFiles/CMakeTmp/CheckSymbolExists.c:14:19: error: ‘_uitoa’ undeclared (first use in this function); did you mean ‘_ultoa’?
   14 |   return ((int*)(&_uitoa))[argc];
      |                   ^~~~~~
      |                   _ultoa
/home/taiwei/code/myBeijingHell/build-windows/CMakeFiles/CMakeTmp/CheckSymbolExists.c:14:19: note: each undeclared identifier is reported only once for each function it appears in
gmake[1]: *** [CMakeFiles/cmTC_e29a0.dir/build.make:78: CMakeFiles/cmTC_e29a0.dir/CheckSymbolExists.c.obj] Error 1
gmake[1]: Leaving directory '/home/taiwei/code/myBeijingHell/build-windows/CMakeFiles/CMakeTmp'
gmake: *** [Makefile:127: cmTC_e29a0/fast] Error 2


File /home/taiwei/code/myBeijingHell/build-windows/CMakeFiles/CMakeTmp/CheckSymbolExists.c:
/* */
#include <stddef.h>
#include <stdarg.h>
#include <stdlib.h>
#include <string.h>
#include <stdio.h>
#include <wchar.h>
#include <float.h>

int main(int argc, char** argv)
{
  (void)argv;
#ifndef _uitoa
  return ((int*)(&_uitoa))[argc];
#else
  (void)argc;
  return 0;
#endif
}
Determining if the strcasestr exist failed with the following output:
Change Dir: /home/taiwei/code/myBeijingHell/build-windows/CMakeFiles/CMakeTmp

Run Build Command(s):/usr/bin/gmake -f Makefile cmTC_6095b/fast && /usr/bin/gmake  -f CMakeFiles/cmTC_6095b.dir/build.make CMakeFiles/cmTC_6095b.dir/build
gmake[1]: Entering directory '/home/taiwei/code/myBeijingHell/build-windows/CMakeFiles/CMakeTmp'
Building C object CMakeFiles/cmTC_6095b.dir/CheckSymbolExists.c.obj
/usr/bin/x86_64-w64-mingw32-gcc   -idirafter "/home/taiwei/code/myBeijingHell/external/SDL2/src/video/khronos"  -D_GNU_SOURCE=1 -o CMakeFiles/cmTC_6095b.dir/CheckSymbolExists.c.obj -c /home/taiwei/code/myBeijingHell/build-windows/CMakeFiles/CMakeTmp/CheckSymbolExists.c
/home/taiwei/code/myBeijingHell/build-windows/CMakeFiles/CMakeTmp/CheckSymbolExists.c: In function ‘main’:
/home/taiwei/code/myBeijingHell/build-windows/CMakeFiles/CMakeTmp/CheckSymbolExists.c:14:19: error: ‘strcasestr’ undeclared (first use in this function); did you mean ‘strcasecmp’?
   14 |   return ((int*)(&strcasestr))[argc];
      |                   ^~~~~~~~~~
      |                   strcasecmp
/home/taiwei/code/myBeijingHell/build-windows/CMakeFiles/CMakeTmp/CheckSymbolExists.c:14:19: note: each undeclared identifier is reported only once for each function it appears in
gmake[1]: *** [CMakeFiles/cmTC_6095b.dir/build.make:78: CMakeFiles/cmTC_6095b.dir/CheckSymbolExists.c.obj] Error 1
gmake[1]: Leaving directory '/home/taiwei/code/myBeijingHell/build-windows/CMakeFiles/CMakeTmp'
gmake: *** [Makefile:127: cmTC_6095b/fast] Error 2


File /home/taiwei/code/myBeijingHell/build-windows/CMakeFiles/CMakeTmp/CheckSymbolExists.c:
/* */
#include <stddef.h>
#include <stdarg.h>
#include <stdlib.h>
#include <string.h>
#include <stdio.h>
#include <wchar.h>
#include <float.h>

int main(int argc, char** argv)
{
  (void)argv;
#ifndef strcasestr
  return ((int*)(&strcasestr))[argc];
#else
  (void)argc;
  return 0;
#endif
}
Determining if the wcslcat exist failed with the following output:
Change Dir: /home/taiwei/code/myBeijingHell/build-windows/CMakeFiles/CMakeTmp

Run Build Command(s):/usr/bin/gmake -f Makefile cmTC_9aa46/fast && /usr/bin/gmake  -f CMakeFiles/cmTC_9aa46.dir/build.make CMakeFiles/cmTC_9aa46.dir/build
gmake[1]: Entering directory '/home/taiwei/code/myBeijingHell/build-windows/CMakeFiles/CMakeTmp'
Building C object CMakeFiles/cmTC_9aa46.dir/CheckSymbolExists.c.obj
/usr/bin/x86_64-w64-mingw32-gcc   -idirafter "/home/taiwei/code/myBeijingHell/external/SDL2/src/video/khronos"  -D_GNU_SOURCE=1 -o CMakeFiles/cmTC_9aa46.dir/CheckSymbolExists.c.obj -c /home/taiwei/code/myBeijingHell/build-windows/CMakeFiles/CMakeTmp/CheckSymbolExists.c
/home/taiwei/code/myBeijingHell/build-windows/CMakeFiles/CMakeTmp/CheckSymbolExists.c: In function ‘main’:
/home/taiwei/code/myBeijingHell/build-windows/CMakeFiles/CMakeTmp/CheckSymbolExists.c:14:19: error: ‘wcslcat’ undeclared (first use in this function); did you mean ‘wcsncat’?
   14 |   return ((int*)(&wcslcat))[argc];
      |                   ^~~~~~~
      |                   wcsncat
/home/taiwei/code/myBeijingHell/build-windows/CMakeFiles/CMakeTmp/CheckSymbolExists.c:14:19: note: each undeclared identifier is reported only once for each function it appears in
gmake[1]: *** [CMakeFiles/cmTC_9aa46.dir/build.make:78: CMakeFiles/cmTC_9aa46.dir/CheckSymbolExists.c.obj] Error 1
gmake[1]: Leaving directory '/home/taiwei/code/myBeijingHell/build-windows/CMakeFiles/CMakeTmp'
gmake: *** [Makefile:127: cmTC_9aa46/fast] Error 2


File /home/taiwei/code/myBeijingHell/build-windows/CMakeFiles/CMakeTmp/CheckSymbolExists.c:
/* */
#include <stddef.h>
#include <stdarg.h>
#include <stdlib.h>
#include <string.h>
#include <stdio.h>
#include <wchar.h>
#include <float.h>

int main(int argc, char** argv)
{
  (void)argv;
#ifndef wcslcat
  return ((int*)(&wcslcat))[argc];
#else
  (void)argc;
  return 0;
#endif
}
Determining if the wcslcpy exist failed with the following output:
Change Dir: /home/taiwei/code/myBeijingHell/build-windows/CMakeFiles/CMakeTmp

Run Build Command(s):/usr/bin/gmake -f Makefile cmTC_52d42/fast && /usr/bin/gmake  -f CMakeFiles/cmTC_52d42.dir/build.make CMakeFiles/cmTC_52d42.dir/build
gmake[1]: Entering directory '/home/taiwei/code/myBeijingHell/build-windows/CMakeFiles/CMakeTmp'
Building C object CMakeFiles/cmTC_52d42.dir/CheckSymbolExists.c.obj
/usr/bin/x86_64-w64-mingw32-gcc   -idirafter "/home/taiwei/code/myBeijingHell/external/SDL2/src/video/khronos"  -D_GNU_SOURCE=1 -o CMakeFiles/cmTC_52d42.dir/CheckSymbolExists.c.obj -c /home/taiwei/code/myBeijingHell/build-windows/CMakeFiles/CMakeTmp/CheckSymbolExists.c
/home/taiwei/code/myBeijingHell/build-windows/CMakeFiles/CMakeTmp/CheckSymbolExists.c: In function ‘main’:
/home/taiwei/code/myBeijingHell/build-windows/CMakeFiles/CMakeTmp/CheckSymbolExists.c:14:19: error: ‘wcslcpy’ undeclared (first use in this function); did you mean ‘wcsncpy’?
   14 |   return ((int*)(&wcslcpy))[argc];
      |                   ^~~~~~~
      |                   wcsncpy
/home/taiwei/code/myBeijingHell/build-windows/CMakeFiles/CMakeTmp/CheckSymbolExists.c:14:19: note: each undeclared identifier is reported only once for each function it appears in
gmake[1]: *** [CMakeFiles/cmTC_52d42.dir/build.make:78: CMakeFiles/cmTC_52d42.dir/CheckSymbolExists.c.obj] Error 1
gmake[1]: Leaving directory '/home/taiwei/code/myBeijingHell/build-windows/CMakeFiles/CMakeTmp'
gmake: *** [Makefile:127: cmTC_52d42/fast] Error 2


File /home/taiwei/code/myBeijingHell/build-windows/CMakeFiles/CMakeTmp/CheckSymbolExists.c:
/* */
#include <stddef.h>
#include <stdarg.h>
#include <stdlib.h>
#include <string.h>
#include <stdio.h>
#include <wchar.h>
#include <float.h>

int main(int argc, char** argv)
{
  (void)argv;
#ifndef wcslcpy
  return ((int*)(&wcslcpy))[argc];
#else
  (void)argc;
  return 0;
#endif
}
Determining if the wcscasecmp exist failed with the following output:
Change Dir: /home/taiwei/code/myBeijingHell/build-windows/CMakeFiles/CMakeTmp

Run Build Command(s):/usr/bin/gmake -f Makefile cmTC_f8db8/fast && /usr/bin/gmake  -f CMakeFiles/cmTC_f8db8.dir/build.make CMakeFiles/cmTC_f8db8.dir/build
gmake[1]: Entering directory '/home/taiwei/code/myBeijingHell/build-windows/CMakeFiles/CMakeTmp'
Building C object CMakeFiles/cmTC_f8db8.dir/CheckSymbolExists.c.obj
/usr/bin/x86_64-w64-mingw32-gcc   -idirafter "/home/taiwei/code/myBeijingHell/external/SDL2/src/video/khronos"  -D_GNU_SOURCE=1 -o CMakeFiles/cmTC_f8db8.dir/CheckSymbolExists.c.obj -c /home/taiwei/code/myBeijingHell/build-windows/CMakeFiles/CMakeTmp/CheckSymbolExists.c
/home/taiwei/code/myBeijingHell/build-windows/CMakeFiles/CMakeTmp/CheckSymbolExists.c: In function ‘main’:
/home/taiwei/code/myBeijingHell/build-windows/CMakeFiles/CMakeTmp/CheckSymbolExists.c:14:19: error: ‘wcscasecmp’ undeclared (first use in this function); did you mean ‘strcasecmp’?
   14 |   return ((int*)(&wcscasecmp))[argc];
      |                   ^~~~~~~~~~
      |                   strcasecmp
/home/taiwei/code/myBeijingHell/build-windows/CMakeFiles/CMakeTmp/CheckSymbolExists.c:14:19: note: each undeclared identifier is reported only once for each function it appears in
gmake[1]: *** [CMakeFiles/cmTC_f8db8.dir/build.make:78: CMakeFiles/cmTC_f8db8.dir/CheckSymbolExists.c.obj] Error 1
gmake[1]: Leaving directory '/home/taiwei/code/myBeijingHell/build-windows/CMakeFiles/CMakeTmp'
gmake: *** [Makefile:127: cmTC_f8db8/fast] Error 2


File /home/taiwei/code/myBeijingHell/build-windows/CMakeFiles/CMakeTmp/CheckSymbolExists.c:
/* */
#include <stddef.h>
#include <stdarg.h>
#include <stdlib.h>
#include <string.h>
#include <stdio.h>
#include <wchar.h>
#include <float.h>

int main(int argc, char** argv)
{
  (void)argv;
#ifndef wcscasecmp
  return ((int*)(&wcscasecmp))[argc];
#else
  (void)argc;
  return 0;
#endif
}
Determining if the wcsncasecmp exist failed with the following output:
Change Dir: /home/taiwei/code/myBeijingHell/build-windows/CMakeFiles/CMakeTmp

Run Build Command(s):/usr/bin/gmake -f Makefile cmTC_22aa8/fast && /usr/bin/gmake  -f CMakeFiles/cmTC_22aa8.dir/build.make CMakeFiles/cmTC_22aa8.dir/build
gmake[1]: Entering directory '/home/taiwei/code/myBeijingHell/build-windows/CMakeFiles/CMakeTmp'
Building C object CMakeFiles/cmTC_22aa8.dir/CheckSymbolExists.c.obj
/usr/bin/x86_64-w64-mingw32-gcc   -idirafter "/home/taiwei/code/myBeijingHell/external/SDL2/src/video/khronos"  -D_GNU_SOURCE=1 -o CMakeFiles/cmTC_22aa8.dir/CheckSymbolExists.c.obj -c /home/taiwei/code/myBeijingHell/build-windows/CMakeFiles/CMakeTmp/CheckSymbolExists.c
/home/taiwei/code/myBeijingHell/build-windows/CMakeFiles/CMakeTmp/CheckSymbolExists.c: In function ‘main’:
/home/taiwei/code/myBeijingHell/build-windows/CMakeFiles/CMakeTmp/CheckSymbolExists.c:14:19: error: ‘wcsncasecmp’ undeclared (first use in this function); did you mean ‘strncasecmp’?
   14 |   return ((int*)(&wcsncasecmp))[argc];
      |                   ^~~~~~~~~~~
      |                   strncasecmp
/home/taiwei/code/myBeijingHell/build-windows/CMakeFiles/CMakeTmp/CheckSymbolExists.c:14:19: note: each undeclared identifier is reported only once for each function it appears in
gmake[1]: *** [CMakeFiles/cmTC_22aa8.dir/build.make:78: CMakeFiles/cmTC_22aa8.dir/CheckSymbolExists.c.obj] Error 1
gmake[1]: Leaving directory '/home/taiwei/code/myBeijingHell/build-windows/CMakeFiles/CMakeTmp'
gmake: *** [Makefile:127: cmTC_22aa8/fast] Error 2


File /home/taiwei/code/myBeijingHell/build-windows/CMakeFiles/CMakeTmp/CheckSymbolExists.c:
/* */
#include <stddef.h>
#include <stdarg.h>
#include <stdlib.h>
#include <string.h>
#include <stdio.h>
#include <wchar.h>
#include <float.h>

int main(int argc, char** argv)
{
  (void)argv;
#ifndef wcsncasecmp
  return ((int*)(&wcsncasecmp))[argc];
#else
  (void)argc;
  return 0;
#endif
}
Determining if the sigaction exist failed with the following output:
Change Dir: /home/taiwei/code/myBeijingHell/build-windows/CMakeFiles/CMakeTmp

Run Build Command(s):/usr/bin/gmake -f Makefile cmTC_25f47/fast && /usr/bin/gmake  -f CMakeFiles/cmTC_25f47.dir/build.make CMakeFiles/cmTC_25f47.dir/build
gmake[1]: Entering directory '/home/taiwei/code/myBeijingHell/build-windows/CMakeFiles/CMakeTmp'
Building C object CMakeFiles/cmTC_25f47.dir/CheckSymbolExists.c.obj
/usr/bin/x86_64-w64-mingw32-gcc   -idirafter "/home/taiwei/code/myBeijingHell/external/SDL2/src/video/khronos"  -D_GNU_SOURCE=1 -o CMakeFiles/cmTC_25f47.dir/CheckSymbolExists.c.obj -c /home/taiwei/code/myBeijingHell/build-windows/CMakeFiles/CMakeTmp/CheckSymbolExists.c
/home/taiwei/code/myBeijingHell/build-windows/CMakeFiles/CMakeTmp/CheckSymbolExists.c: In function ‘main’:
/home/taiwei/code/myBeijingHell/build-windows/CMakeFiles/CMakeTmp/CheckSymbolExists.c:8:19: error: ‘sigaction’ undeclared (first use in this function)
    8 |   return ((int*)(&sigaction))[argc];
      |                   ^~~~~~~~~
/home/taiwei/code/myBeijingHell/build-windows/CMakeFiles/CMakeTmp/CheckSymbolExists.c:8:19: note: each undeclared identifier is reported only once for each function it appears in
gmake[1]: *** [CMakeFiles/cmTC_25f47.dir/build.make:78: CMakeFiles/cmTC_25f47.dir/CheckSymbolExists.c.obj] Error 1
gmake[1]: Leaving directory '/home/taiwei/code/myBeijingHell/build-windows/CMakeFiles/CMakeTmp'
gmake: *** [Makefile:127: cmTC_25f47/fast] Error 2


File /home/taiwei/code/myBeijingHell/build-windows/CMakeFiles/CMakeTmp/CheckSymbolExists.c:
/* */
#include <signal.h>

int main(int argc, char** argv)
{
  (void)argv;
#ifndef sigaction
  return ((int*)(&sigaction))[argc];
#else
  (void)argc;
  return 0;
#endif
}
Determining if the nanosleep exist failed with the following output:
Change Dir: /home/taiwei/code/myBeijingHell/build-windows/CMakeFiles/CMakeTmp

Run Build Command(s):/usr/bin/gmake -f Makefile cmTC_b4470/fast && /usr/bin/gmake  -f CMakeFiles/cmTC_b4470.dir/build.make CMakeFiles/cmTC_b4470.dir/build
gmake[1]: Entering directory '/home/taiwei/code/myBeijingHell/build-windows/CMakeFiles/CMakeTmp'
Building C object CMakeFiles/cmTC_b4470.dir/CheckSymbolExists.c.obj
/usr/bin/x86_64-w64-mingw32-gcc   -idirafter "/home/taiwei/code/myBeijingHell/external/SDL2/src/video/khronos"  -D_GNU_SOURCE=1 -o CMakeFiles/cmTC_b4470.dir/CheckSymbolExists.c.obj -c /home/taiwei/code/myBeijingHell/build-windows/CMakeFiles/CMakeTmp/CheckSymbolExists.c
Linking C executable cmTC_b4470.exe
/usr/bin/cmake -E cmake_link_script CMakeFiles/cmTC_b4470.dir/link.txt --verbose=1
/usr/bin/cmake -E rm -f CMakeFiles/cmTC_b4470.dir/objects.a
/usr/bin/x86_64-w64-mingw32-ar qc CMakeFiles/cmTC_b4470.dir/objects.a @CMakeFiles/cmTC_b4470.dir/objects1.rsp
/usr/bin/x86_64-w64-mingw32-gcc  -idirafter "/home/taiwei/code/myBeijingHell/external/SDL2/src/video/khronos"  -D_GNU_SOURCE=1 -Wl,--whole-archive CMakeFiles/cmTC_b4470.dir/objects.a -Wl,--no-whole-archive -o cmTC_b4470.exe -Wl,--out-implib,libcmTC_b4470.dll.a -Wl,--major-image-version,0,--minor-image-version,0 @CMakeFiles/cmTC_b4470.dir/linklibs.rsp
/usr/bin/x86_64-w64-mingw32-ld: CMakeFiles/cmTC_b4470.dir/objects.a(CheckSymbolExists.c.obj):CheckSymbolExists.c:(.rdata$.refptr.nanosleep[.refptr.nanosleep]+0x0): undefined reference to `nanosleep'
collect2: error: ld returned 1 exit status
gmake[1]: *** [CMakeFiles/cmTC_b4470.dir/build.make:101: cmTC_b4470.exe] Error 1
gmake[1]: Leaving directory '/home/taiwei/code/myBeijingHell/build-windows/CMakeFiles/CMakeTmp'
gmake: *** [Makefile:127: cmTC_b4470/fast] Error 2


File /home/taiwei/code/myBeijingHell/build-windows/CMakeFiles/CMakeTmp/CheckSymbolExists.c:
/* */
#include <time.h>

int main(int argc, char** argv)
{
  (void)argv;
#ifndef nanosleep
  return ((int*)(&nanosleep))[argc];
#else
  (void)argc;
  return 0;
#endif
}
Determining if the sysconf exist failed with the following output:
Change Dir: /home/taiwei/code/myBeijingHell/build-windows/CMakeFiles/CMakeTmp

Run Build Command(s):/usr/bin/gmake -f Makefile cmTC_378f6/fast && /usr/bin/gmake  -f CMakeFiles/cmTC_378f6.dir/build.make CMakeFiles/cmTC_378f6.dir/build
gmake[1]: Entering directory '/home/taiwei/code/myBeijingHell/build-windows/CMakeFiles/CMakeTmp'
Building C object CMakeFiles/cmTC_378f6.dir/CheckSymbolExists.c.obj
/usr/bin/x86_64-w64-mingw32-gcc   -idirafter "/home/taiwei/code/myBeijingHell/external/SDL2/src/video/khronos"  -D_GNU_SOURCE=1 -o CMakeFiles/cmTC_378f6.dir/CheckSymbolExists.c.obj -c /home/taiwei/code/myBeijingHell/build-windows/CMakeFiles/CMakeTmp/CheckSymbolExists.c
/home/taiwei/code/myBeijingHell/build-windows/CMakeFiles/CMakeTmp/CheckSymbolExists.c: In function ‘main’:
/home/taiwei/code/myBeijingHell/build-windows/CMakeFiles/CMakeTmp/CheckSymbolExists.c:8:19: error: ‘sysconf’ undeclared (first use in this function)
    8 |   return ((int*)(&sysconf))[argc];
      |                   ^~~~~~~
/home/taiwei/code/myBeijingHell/build-windows/CMakeFiles/CMakeTmp/CheckSymbolExists.c:8:19: note: each undeclared identifier is reported only once for each function it appears in
gmake[1]: *** [CMakeFiles/cmTC_378f6.dir/build.make:78: CMakeFiles/cmTC_378f6.dir/CheckSymbolExists.c.obj] Error 1
gmake[1]: Leaving directory '/home/taiwei/code/myBeijingHell/build-windows/CMakeFiles/CMakeTmp'
gmake: *** [Makefile:127: cmTC_378f6/fast] Error 2


File /home/taiwei/code/myBeijingHell/build-windows/CMakeFiles/CMakeTmp/CheckSymbolExists.c:
/* */
#include <unistd.h>

int main(int argc, char** argv)
{
  (void)argv;
#ifndef sysconf
  return ((int*)(&sysconf))[argc];
#else
  (void)argc;
  return 0;
#endif
}
Determining if the sysctlbyname exist failed with the following output:
Change Dir: /home/taiwei/code/myBeijingHell/build-windows/CMakeFiles/CMakeTmp

Run Build Command(s):/usr/bin/gmake -f Makefile cmTC_b08ad/fast && /usr/bin/gmake  -f CMakeFiles/cmTC_b08ad.dir/build.make CMakeFiles/cmTC_b08ad.dir/build
gmake[1]: Entering directory '/home/taiwei/code/myBeijingHell/build-windows/CMakeFiles/CMakeTmp'
Building C object CMakeFiles/cmTC_b08ad.dir/CheckSymbolExists.c.obj
/usr/bin/x86_64-w64-mingw32-gcc   -idirafter "/home/taiwei/code/myBeijingHell/external/SDL2/src/video/khronos"  -D_GNU_SOURCE=1 -o CMakeFiles/cmTC_b08ad.dir/CheckSymbolExists.c.obj -c /home/taiwei/code/myBeijingHell/build-windows/CMakeFiles/CMakeTmp/CheckSymbolExists.c
/home/taiwei/code/myBeijingHell/build-windows/CMakeFiles/CMakeTmp/CheckSymbolExists.c:3:10: fatal error: sys/sysctl.h: No such file or directory
    3 | #include <sys/sysctl.h>
      |          ^~~~~~~~~~~~~~
compilation terminated.
gmake[1]: *** [CMakeFiles/cmTC_b08ad.dir/build.make:78: CMakeFiles/cmTC_b08ad.dir/CheckSymbolExists.c.obj] Error 1
gmake[1]: Leaving directory '/home/taiwei/code/myBeijingHell/build-windows/CMakeFiles/CMakeTmp'
gmake: *** [Makefile:127: cmTC_b08ad/fast] Error 2


File /home/taiwei/code/myBeijingHell/build-windows/CMakeFiles/CMakeTmp/CheckSymbolExists.c:
/* */
#include <sys/types.h>
#include <sys/sysctl.h>

int main(int argc, char** argv)
{
  (void)argv;
#ifndef sysctlbyname
  return ((int*)(&sysctlbyname))[argc];
#else
  (void)argc;
  return 0;
#endif
}
Determining if the getauxval exist failed with the following output:
Change Dir: /home/taiwei/code/myBeijingHell/build-windows/CMakeFiles/CMakeTmp

Run Build Command(s):/usr/bin/gmake -f Makefile cmTC_3be82/fast && /usr/bin/gmake  -f CMakeFiles/cmTC_3be82.dir/build.make CMakeFiles/cmTC_3be82.dir/build
gmake[1]: Entering directory '/home/taiwei/code/myBeijingHell/build-windows/CMakeFiles/CMakeTmp'
Building C object CMakeFiles/cmTC_3be82.dir/CheckSymbolExists.c.obj
/usr/bin/x86_64-w64-mingw32-gcc   -idirafter "/home/taiwei/code/myBeijingHell/external/SDL2/src/video/khronos"  -D_GNU_SOURCE=1 -o CMakeFiles/cmTC_3be82.dir/CheckSymbolExists.c.obj -c /home/taiwei/code/myBeijingHell/build-windows/CMakeFiles/CMakeTmp/CheckSymbolExists.c
/home/taiwei/code/myBeijingHell/build-windows/CMakeFiles/CMakeTmp/CheckSymbolExists.c:2:10: fatal error: sys/auxv.h: No such file or directory
    2 | #include <sys/auxv.h>
      |          ^~~~~~~~~~~~
compilation terminated.
gmake[1]: *** [CMakeFiles/cmTC_3be82.dir/build.make:78: CMakeFiles/cmTC_3be82.dir/CheckSymbolExists.c.obj] Error 1
gmake[1]: Leaving directory '/home/taiwei/code/myBeijingHell/build-windows/CMakeFiles/CMakeTmp'
gmake: *** [Makefile:127: cmTC_3be82/fast] Error 2


File /home/taiwei/code/myBeijingHell/build-windows/CMakeFiles/CMakeTmp/CheckSymbolExists.c:
/* */
#include <sys/auxv.h>

int main(int argc, char** argv)
{
  (void)argv;
#ifndef getauxval
  return ((int*)(&getauxval))[argc];
#else
  (void)argc;
  return 0;
#endif
}
Determining if the elf_aux_info exist failed with the following output:
Change Dir: /home/taiwei/code/myBeijingHell/build-windows/CMakeFiles/CMakeTmp

Run Build Command(s):/usr/bin/gmake -f Makefile cmTC_80f55/fast && /usr/bin/gmake  -f CMakeFiles/cmTC_80f55.dir/build.make CMakeFiles/cmTC_80f55.dir/build
gmake[1]: Entering directory '/home/taiwei/code/myBeijingHell/build-windows/CMakeFiles/CMakeTmp'
Building C object CMakeFiles/cmTC_80f55.dir/CheckSymbolExists.c.obj
/usr/bin/x86_64-w64-mingw32-gcc   -idirafter "/home/taiwei/code/myBeijingHell/external/SDL2/src/video/khronos"  -D_GNU_SOURCE=1 -o CMakeFiles/cmTC_80f55.dir/CheckSymbolExists.c.obj -c /home/taiwei/code/myBeijingHell/build-windows/CMakeFiles/CMakeTmp/CheckSymbolExists.c
/home/taiwei/code/myBeijingHell/build-windows/CMakeFiles/CMakeTmp/CheckSymbolExists.c:2:10: fatal error: sys/auxv.h: No such file or directory
    2 | #include <sys/auxv.h>
      |          ^~~~~~~~~~~~
compilation terminated.
gmake[1]: *** [CMakeFiles/cmTC_80f55.dir/build.make:78: CMakeFiles/cmTC_80f55.dir/CheckSymbolExists.c.obj] Error 1
gmake[1]: Leaving directory '/home/taiwei/code/myBeijingHell/build-windows/CMakeFiles/CMakeTmp'
gmake: *** [Makefile:127: cmTC_80f55/fast] Error 2


File /home/taiwei/code/myBeijingHell/build-windows/CMakeFiles/CMakeTmp/CheckSymbolExists.c:
/* */
#include <sys/auxv.h>

int main(int argc, char** argv)
{
  (void)argv;
#ifndef elf_aux_info
  return ((int*)(&elf_aux_info))[argc];
#else
  (void)argc;
  return 0;
#endif
}
Determining if the poll exist failed with the following output:
Change Dir: /home/taiwei/code/myBeijingHell/build-windows/CMakeFiles/CMakeTmp

Run Build Command(s):/usr/bin/gmake -f Makefile cmTC_35221/fast && /usr/bin/gmake  -f CMakeFiles/cmTC_35221.dir/build.make CMakeFiles/cmTC_35221.dir/build
gmake[1]: Entering directory '/home/taiwei/code/myBeijingHell/build-windows/CMakeFiles/CMakeTmp'
Building C object CMakeFiles/cmTC_35221.dir/CheckSymbolExists.c.obj
/usr/bin/x86_64-w64-mingw32-gcc   -idirafter "/home/taiwei/code/myBeijingHell/external/SDL2/src/video/khronos"  -D_GNU_SOURCE=1 -o CMakeFiles/cmTC_35221.dir/CheckSymbolExists.c.obj -c /home/taiwei/code/myBeijingHell/build-windows/CMakeFiles/CMakeTmp/CheckSymbolExists.c
/home/taiwei/code/myBeijingHell/build-windows/CMakeFiles/CMakeTmp/CheckSymbolExists.c:2:10: fatal error: poll.h: No such file or directory
    2 | #include <poll.h>
      |          ^~~~~~~~
compilation terminated.
gmake[1]: *** [CMakeFiles/cmTC_35221.dir/build.make:78: CMakeFiles/cmTC_35221.dir/CheckSymbolExists.c.obj] Error 1
gmake[1]: Leaving directory '/home/taiwei/code/myBeijingHell/build-windows/CMakeFiles/CMakeTmp'
gmake: *** [Makefile:127: cmTC_35221/fast] Error 2


File /home/taiwei/code/myBeijingHell/build-windows/CMakeFiles/CMakeTmp/CheckSymbolExists.c:
/* */
#include <poll.h>

int main(int argc, char** argv)
{
  (void)argv;
#ifndef poll
  return ((int*)(&poll))[argc];
#else
  (void)argc;
  return 0;
#endif
}
Determining if the function iconv_open exists in the iconv failed with the following output:
Change Dir: /home/taiwei/code/myBeijingHell/build-windows/CMakeFiles/CMakeTmp

Run Build Command(s):/usr/bin/gmake -f Makefile cmTC_02305/fast && /usr/bin/gmake  -f CMakeFiles/cmTC_02305.dir/build.make CMakeFiles/cmTC_02305.dir/build
gmake[1]: Entering directory '/home/taiwei/code/myBeijingHell/build-windows/CMakeFiles/CMakeTmp'
Building C object CMakeFiles/cmTC_02305.dir/CheckFunctionExists.c.obj
/usr/bin/x86_64-w64-mingw32-gcc   -idirafter "/home/taiwei/code/myBeijingHell/external/SDL2/src/video/khronos" -DCHECK_FUNCTION_EXISTS=iconv_open  -D_GNU_SOURCE=1 -o CMakeFiles/cmTC_02305.dir/CheckFunctionExists.c.obj -c /usr/share/cmake-3.22/Modules/CheckFunctionExists.c
Linking C executable cmTC_02305.exe
/usr/bin/cmake -E cmake_link_script CMakeFiles/cmTC_02305.dir/link.txt --verbose=1
/usr/bin/cmake -E rm -f CMakeFiles/cmTC_02305.dir/objects.a
/usr/bin/x86_64-w64-mingw32-ar qc CMakeFiles/cmTC_02305.dir/objects.a @CMakeFiles/cmTC_02305.dir/objects1.rsp
/usr/bin/x86_64-w64-mingw32-gcc  -idirafter "/home/taiwei/code/myBeijingHell/external/SDL2/src/video/khronos" -DCHECK_FUNCTION_EXISTS=iconv_open  -D_GNU_SOURCE=1 -Wl,--whole-archive CMakeFiles/cmTC_02305.dir/objects.a -Wl,--no-whole-archive -o cmTC_02305.exe -Wl,--out-implib,libcmTC_02305.dll.a -Wl,--major-image-version,0,--minor-image-version,0 @CMakeFiles/cmTC_02305.dir/linklibs.rsp
/usr/bin/x86_64-w64-mingw32-ld: cannot find -liconv: No such file or directory
collect2: error: ld returned 1 exit status
gmake[1]: *** [CMakeFiles/cmTC_02305.dir/build.make:101: cmTC_02305.exe] Error 1
gmake[1]: Leaving directory '/home/taiwei/code/myBeijingHell/build-windows/CMakeFiles/CMakeTmp'
gmake: *** [Makefile:127: cmTC_02305/fast] Error 2



Determining if the function iconv_open exists in the c failed with the following output:
Change Dir: /home/taiwei/code/myBeijingHell/build-windows/CMakeFiles/CMakeTmp

Run Build Command(s):/usr/bin/gmake -f Makefile cmTC_5b05b/fast && /usr/bin/gmake  -f CMakeFiles/cmTC_5b05b.dir/build.make CMakeFiles/cmTC_5b05b.dir/build
gmake[1]: Entering directory '/home/taiwei/code/myBeijingHell/build-windows/CMakeFiles/CMakeTmp'
Building C object CMakeFiles/cmTC_5b05b.dir/CheckFunctionExists.c.obj
/usr/bin/x86_64-w64-mingw32-gcc   -idirafter "/home/taiwei/code/myBeijingHell/external/SDL2/src/video/khronos" -DCHECK_FUNCTION_EXISTS=iconv_open  -D_GNU_SOURCE=1 -o CMakeFiles/cmTC_5b05b.dir/CheckFunctionExists.c.obj -c /usr/share/cmake-3.22/Modules/CheckFunctionExists.c
Linking C executable cmTC_5b05b.exe
/usr/bin/cmake -E cmake_link_script CMakeFiles/cmTC_5b05b.dir/link.txt --verbose=1
/usr/bin/cmake -E rm -f CMakeFiles/cmTC_5b05b.dir/objects.a
/usr/bin/x86_64-w64-mingw32-ar qc CMakeFiles/cmTC_5b05b.dir/objects.a @CMakeFiles/cmTC_5b05b.dir/objects1.rsp
/usr/bin/x86_64-w64-mingw32-gcc  -idirafter "/home/taiwei/code/myBeijingHell/external/SDL2/src/video/khronos" -DCHECK_FUNCTION_EXISTS=iconv_open  -D_GNU_SOURCE=1 -Wl,--whole-archive CMakeFiles/cmTC_5b05b.dir/objects.a -Wl,--no-whole-archive -o cmTC_5b05b.exe -Wl,--out-implib,libcmTC_5b05b.dll.a -Wl,--major-image-version,0,--minor-image-version,0 @CMakeFiles/cmTC_5b05b.dir/linklibs.rsp
/usr/bin/x86_64-w64-mingw32-ld: cannot find -lc: No such file or directory
collect2: error: ld returned 1 exit status
gmake[1]: *** [CMakeFiles/cmTC_5b05b.dir/build.make:101: cmTC_5b05b.exe] Error 1
gmake[1]: Leaving directory '/home/taiwei/code/myBeijingHell/build-windows/CMakeFiles/CMakeTmp'
gmake: *** [Makefile:127: cmTC_5b05b/fast] Error 2



Determining if the include file alloca.h exists failed with the following output:
Change Dir: /home/taiwei/code/myBeijingHell/build-windows/CMakeFiles/CMakeTmp

Run Build Command(s):/usr/bin/gmake -f Makefile cmTC_07b09/fast && /usr/bin/gmake  -f CMakeFiles/cmTC_07b09.dir/build.make CMakeFiles/cmTC_07b09.dir/build
gmake[1]: Entering directory '/home/taiwei/code/myBeijingHell/build-windows/CMakeFiles/CMakeTmp'
Building C object CMakeFiles/cmTC_07b09.dir/CheckIncludeFile.c.obj
/usr/bin/x86_64-w64-mingw32-gcc   -idirafter "/home/taiwei/code/myBeijingHell/external/SDL2/src/video/khronos"  -D_GNU_SOURCE=1 -o CMakeFiles/cmTC_07b09.dir/CheckIncludeFile.c.obj -c /home/taiwei/code/myBeijingHell/build-windows/CMakeFiles/CMakeTmp/CheckIncludeFile.c
/home/taiwei/code/myBeijingHell/build-windows/CMakeFiles/CMakeTmp/CheckIncludeFile.c:1:10: fatal error: alloca.h: No such file or directory
    1 | #include <alloca.h>
      |          ^~~~~~~~~~
compilation terminated.
gmake[1]: *** [CMakeFiles/cmTC_07b09.dir/build.make:78: CMakeFiles/cmTC_07b09.dir/CheckIncludeFile.c.obj] Error 1
gmake[1]: Leaving directory '/home/taiwei/code/myBeijingHell/build-windows/CMakeFiles/CMakeTmp'
gmake: *** [Makefile:127: cmTC_07b09/fast] Error 2



Determining if the alloca exist failed with the following output:
Change Dir: /home/taiwei/code/myBeijingHell/build-windows/CMakeFiles/CMakeTmp

Run Build Command(s):/usr/bin/gmake -f Makefile cmTC_a13e1/fast && /usr/bin/gmake  -f CMakeFiles/cmTC_a13e1.dir/build.make CMakeFiles/cmTC_a13e1.dir/build
gmake[1]: Entering directory '/home/taiwei/code/myBeijingHell/build-windows/CMakeFiles/CMakeTmp'
Building C object CMakeFiles/cmTC_a13e1.dir/CheckSymbolExists.c.obj
/usr/bin/x86_64-w64-mingw32-gcc   -idirafter "/home/taiwei/code/myBeijingHell/external/SDL2/src/video/khronos"  -D_GNU_SOURCE=1 -o CMakeFiles/cmTC_a13e1.dir/CheckSymbolExists.c.obj -c /home/taiwei/code/myBeijingHell/build-windows/CMakeFiles/CMakeTmp/CheckSymbolExists.c
/home/taiwei/code/myBeijingHell/build-windows/CMakeFiles/CMakeTmp/CheckSymbolExists.c:2:10: fatal error: alloca.h: No such file or directory
    2 | #include <alloca.h>
      |          ^~~~~~~~~~
compilation terminated.
gmake[1]: *** [CMakeFiles/cmTC_a13e1.dir/build.make:78: CMakeFiles/cmTC_a13e1.dir/CheckSymbolExists.c.obj] Error 1
gmake[1]: Leaving directory '/home/taiwei/code/myBeijingHell/build-windows/CMakeFiles/CMakeTmp'
gmake: *** [Makefile:127: cmTC_a13e1/fast] Error 2


File /home/taiwei/code/myBeijingHell/build-windows/CMakeFiles/CMakeTmp/CheckSymbolExists.c:
/* */
#include <alloca.h>

int main(int argc, char** argv)
{
  (void)argv;
#ifndef alloca
  return ((int*)(&alloca))[argc];
#else
  (void)argc;
  return 0;
#endif
}
Performing C SOURCE FILE Test HAVE_SA_SIGACTION failed with the following output:
Change Dir: /home/taiwei/code/myBeijingHell/build-windows/CMakeFiles/CMakeTmp

Run Build Command(s):/usr/bin/gmake -f Makefile cmTC_21673/fast && /usr/bin/gmake  -f CMakeFiles/cmTC_21673.dir/build.make CMakeFiles/cmTC_21673.dir/build
gmake[1]: Entering directory '/home/taiwei/code/myBeijingHell/build-windows/CMakeFiles/CMakeTmp'
Building C object CMakeFiles/cmTC_21673.dir/src.c.obj
/usr/bin/x86_64-w64-mingw32-gcc -DHAVE_SA_SIGACTION  -idirafter "/home/taiwei/code/myBeijingHell/external/SDL2/src/video/khronos"  -D_GNU_SOURCE=1 -o CMakeFiles/cmTC_21673.dir/src.c.obj -c /home/taiwei/code/myBeijingHell/build-windows/CMakeFiles/CMakeTmp/src.c
/home/taiwei/code/myBeijingHell/build-windows/CMakeFiles/CMakeTmp/src.c: In function ‘main’:
/home/taiwei/code/myBeijingHell/build-windows/CMakeFiles/CMakeTmp/src.c:6:39: error: invalid use of undefined type ‘struct sigaction’
    6 |   (void)sizeof(((struct sigaction *)0)->sa_sigaction);
      |                                       ^~
gmake[1]: *** [CMakeFiles/cmTC_21673.dir/build.make:78: CMakeFiles/cmTC_21673.dir/src.c.obj] Error 1
gmake[1]: Leaving directory '/home/taiwei/code/myBeijingHell/build-windows/CMakeFiles/CMakeTmp'
gmake: *** [Makefile:127: cmTC_21673/fast] Error 2


Source file was:

#include <signal.h>

int main()
{
  (void)sizeof(((struct sigaction *)0)->sa_sigaction);
  return 0;
}

Performing C SOURCE FILE Test HAVE_D3D12_H failed with the following output:
Change Dir: /home/taiwei/code/myBeijingHell/build-windows/CMakeFiles/CMakeTmp

Run Build Command(s):/usr/bin/gmake -f Makefile cmTC_79843/fast && /usr/bin/gmake  -f CMakeFiles/cmTC_79843.dir/build.make CMakeFiles/cmTC_79843.dir/build
gmake[1]: Entering directory '/home/taiwei/code/myBeijingHell/build-windows/CMakeFiles/CMakeTmp'
Building C object CMakeFiles/cmTC_79843.dir/src.c.obj
/usr/bin/x86_64-w64-mingw32-gcc -DHAVE_D3D12_H  -idirafter "/home/taiwei/code/myBeijingHell/external/SDL2/src/video/khronos"  -D_GNU_SOURCE=1 -o CMakeFiles/cmTC_79843.dir/src.c.obj -c /home/taiwei/code/myBeijingHell/build-windows/CMakeFiles/CMakeTmp/src.c
/home/taiwei/code/myBeijingHell/build-windows/CMakeFiles/CMakeTmp/src.c:5:7: error: unknown type name ‘ID3D12Device1’; did you mean ‘ID3D12Device’?
    5 |       ID3D12Device1 *device;
      |       ^~~~~~~~~~~~~
      |       ID3D12Device
gmake[1]: *** [CMakeFiles/cmTC_79843.dir/build.make:78: CMakeFiles/cmTC_79843.dir/src.c.obj] Error 1
gmake[1]: Leaving directory '/home/taiwei/code/myBeijingHell/build-windows/CMakeFiles/CMakeTmp'
gmake: *** [Makefile:127: cmTC_79843/fast] Error 2


Source file was:

      #include <winsdkver.h>
      #include <sdkddkver.h>
      #include <d3d12.h>
      ID3D12Device1 *device;
      #if WDK_NTDDI_VERSION > 0x0A000008
      int main(int argc, char **argv) { return 0; }
      #endif
Performing C SOURCE FILE Test HAVE_XINPUT_GAMEPAD_EX failed with the following output:
Change Dir: /home/taiwei/code/myBeijingHell/build-windows/CMakeFiles/CMakeTmp

Run Build Command(s):/usr/bin/gmake -f Makefile cmTC_46b80/fast && /usr/bin/gmake  -f CMakeFiles/cmTC_46b80.dir/build.make CMakeFiles/cmTC_46b80.dir/build
gmake[1]: Entering directory '/home/taiwei/code/myBeijingHell/build-windows/CMakeFiles/CMakeTmp'
Building C object CMakeFiles/cmTC_46b80.dir/src.c.obj
/usr/bin/x86_64-w64-mingw32-gcc -DHAVE_XINPUT_GAMEPAD_EX  -idirafter "/home/taiwei/code/myBeijingHell/external/SDL2/src/video/khronos"  -D_GNU_SOURCE=1 -o CMakeFiles/cmTC_46b80.dir/src.c.obj -c /home/taiwei/code/myBeijingHell/build-windows/CMakeFiles/CMakeTmp/src.c
/home/taiwei/code/myBeijingHell/build-windows/CMakeFiles/CMakeTmp/src.c:4:7: error: unknown type name ‘XINPUT_GAMEPAD_EX’; did you mean ‘XINPUT_GAMEPAD_X’?
    4 |       XINPUT_GAMEPAD_EX x1;
      |       ^~~~~~~~~~~~~~~~~
      |       XINPUT_GAMEPAD_X
gmake[1]: *** [CMakeFiles/cmTC_46b80.dir/build.make:78: CMakeFiles/cmTC_46b80.dir/src.c.obj] Error 1
gmake[1]: Leaving directory '/home/taiwei/code/myBeijingHell/build-windows/CMakeFiles/CMakeTmp'
gmake: *** [Makefile:127: cmTC_46b80/fast] Error 2


Source file was:

      #include <windows.h>
      #include <xinput.h>
      XINPUT_GAMEPAD_EX x1;
      int main(int argc, char **argv) { return 0; }
Performing C SOURCE FILE Test HAVE_XINPUT_STATE_EX failed with the following output:
Change Dir: /home/taiwei/code/myBeijingHell/build-windows/CMakeFiles/CMakeTmp

Run Build Command(s):/usr/bin/gmake -f Makefile cmTC_14051/fast && /usr/bin/gmake  -f CMakeFiles/cmTC_14051.dir/build.make CMakeFiles/cmTC_14051.dir/build
gmake[1]: Entering directory '/home/taiwei/code/myBeijingHell/build-windows/CMakeFiles/CMakeTmp'
Building C object CMakeFiles/cmTC_14051.dir/src.c.obj
/usr/bin/x86_64-w64-mingw32-gcc -DHAVE_XINPUT_STATE_EX  -idirafter "/home/taiwei/code/myBeijingHell/external/SDL2/src/video/khronos"  -D_GNU_SOURCE=1 -o CMakeFiles/cmTC_14051.dir/src.c.obj -c /home/taiwei/code/myBeijingHell/build-windows/CMakeFiles/CMakeTmp/src.c
/home/taiwei/code/myBeijingHell/build-windows/CMakeFiles/CMakeTmp/src.c:4:7: error: unknown type name ‘XINPUT_STATE_EX’; did you mean ‘XINPUT_STATE’?
    4 |       XINPUT_STATE_EX s1;
      |       ^~~~~~~~~~~~~~~
      |       XINPUT_STATE
gmake[1]: *** [CMakeFiles/cmTC_14051.dir/build.make:78: CMakeFiles/cmTC_14051.dir/src.c.obj] Error 1
gmake[1]: Leaving directory '/home/taiwei/code/myBeijingHell/build-windows/CMakeFiles/CMakeTmp'
gmake: *** [Makefile:127: cmTC_14051/fast] Error 2


Source file was:

      #include <windows.h>
      #include <xinput.h>
      XINPUT_STATE_EX s1;
      int main(int argc, char **argv) { return 0; }
Performing C SOURCE FILE Test HAVE_WINDOWS_GAMING_INPUT_H failed with the following output:
Change Dir: /home/taiwei/code/myBeijingHell/build-windows/CMakeFiles/CMakeTmp

Run Build Command(s):/usr/bin/gmake -f Makefile cmTC_69662/fast && /usr/bin/gmake  -f CMakeFiles/cmTC_69662.dir/build.make CMakeFiles/cmTC_69662.dir/build
gmake[1]: Entering directory '/home/taiwei/code/myBeijingHell/build-windows/CMakeFiles/CMakeTmp'
Building C object CMakeFiles/cmTC_69662.dir/src.c.obj
/usr/bin/x86_64-w64-mingw32-gcc -DHAVE_WINDOWS_GAMING_INPUT_H  -idirafter "/home/taiwei/code/myBeijingHell/external/SDL2/src/video/khronos"  -D_GNU_SOURCE=1 -o CMakeFiles/cmTC_69662.dir/src.c.obj -c /home/taiwei/code/myBeijingHell/build-windows/CMakeFiles/CMakeTmp/src.c
/home/taiwei/code/myBeijingHell/build-windows/CMakeFiles/CMakeTmp/src.c:3:16: fatal error: windows.gaming.input.h: No such file or directory
    3 |       #include <windows.gaming.input.h>
      |                ^~~~~~~~~~~~~~~~~~~~~~~~
compilation terminated.
gmake[1]: *** [CMakeFiles/cmTC_69662.dir/build.make:78: CMakeFiles/cmTC_69662.dir/src.c.obj] Error 1
gmake[1]: Leaving directory '/home/taiwei/code/myBeijingHell/build-windows/CMakeFiles/CMakeTmp'
gmake: *** [Makefile:127: cmTC_69662/fast] Error 2


Source file was:

      #define COBJMACROS
      #include <windows.gaming.input.h>
      __x_ABI_CWindows_CGaming_CInput_CIGamepadStatics2 *s2;
      int main(int argc, char **argv) { return 0; }
